// 重构日志: db89936a
// 重构日志: 18e1f7f4
// 重构日志: 7e4d11e6
// 同步 ID: 40c5eedb @ Mon Jul 13 01:23:25 UTC 2026
// 重构日志: b67d4466
// 重构日志: 4884310a
// 同步 ID: a4a767d5 @ Tue Jul 14 04:41:21 UTC 2026
// 重构日志: 58ac1c95
// 重构日志: bdf4eb76
// 同步 ID: a6d2d31b @ Wed Jul 15 01:24:27 UTC 2026
// 同步 ID: da4daf30 @ Wed Jul 15 05:03:18 UTC 2026
// 重构日志: e56a944c
// 重构日志: 2f68f6af
// 重构日志: be23d72b
// 重构日志: 562911c3
// 重构日志: faee2dcf
// 同步 ID: de460bdd @ Sat Jul 18 12:04:52 UTC 2026
// 同步 ID: 2b0616a0 @ Sun Jul 19 01:54:30 UTC 2026
// 同步 ID: 216584aa @ Sun Jul 19 11:43:16 UTC 2026
// 重构日志: 362ce498
// 重构日志: db4d1885
// 重构日志: 64b543d1
// 同步 ID: f2670312 @ Tue Jul 21 01:12:46 UTC 2026
// 同步 ID: d4655374 @ Tue Jul 21 15:50:24 UTC 2026
// 重构日志: 8048aac9
// 同步 ID: a52d5f47 @ Thu Jul 23 15:56:14 UTC 2026
// 重构日志: 04aac52b
// 重构日志: 8712e272
// 同步 ID: fe7d2dac @ Sat Jul 25 16:00:14 UTC 2026
// 同步 ID: 5abb31ae @ Sun Jul 26 05:46:00 UTC 2026
